Archive member included to satisfy reference by file (symbol)

C:/Program Files/SEGGER/SEGGER Embedded Studio for ARM 4.30c/lib/libm_v6m_t_le_eabi.a(libm_asm.o)
                              Output/lpc_test Debug/Obj/mlx90614.o (__aeabi_dadd)
C:/Program Files/SEGGER/SEGGER Embedded Studio for ARM 4.30c/lib/libc_v6m_t_le_eabi.a(libc_asm.o)
                              Output/lpc_test Debug/Obj/system_LPC11xx.o (__aeabi_uidiv)
C:/Program Files/SEGGER/SEGGER Embedded Studio for ARM 4.30c/lib/libc_v6m_t_le_eabi.a(libc2.o)
                              Output/lpc_test Debug/Obj/main.o (sprintf)
C:/Program Files/SEGGER/SEGGER Embedded Studio for ARM 4.30c/lib/libc_v6m_t_le_eabi.a(libc2_asm.o)
                              Output/lpc_test Debug/Obj/SEGGER_RTT.o (memcpy)
C:/Program Files/SEGGER/SEGGER Embedded Studio for ARM 4.30c/lib/libc_v6m_t_le_eabi.a(libc.o)
                              C:/Program Files/SEGGER/SEGGER Embedded Studio for ARM 4.30c/lib/libc_v6m_t_le_eabi.a(libc2.o) (__heap_lock)
C:/Program Files/SEGGER/SEGGER Embedded Studio for ARM 4.30c/lib/libdebugio_v6m_t_le_eabi.a(libdebugio.o)
                              Output/lpc_test Debug/Obj/thumb_crt0.o (debug_fopen)
C:/Program Files/SEGGER/SEGGER Embedded Studio for ARM 4.30c/lib/libdebugio_mempoll_v6m_t_le_eabi.a(mempoll_debug_operations.o)
                              C:/Program Files/SEGGER/SEGGER Embedded Studio for ARM 4.30c/lib/libdebugio_v6m_t_le_eabi.a(libdebugio.o) (__do_debug_operation)
C:/Program Files/SEGGER/SEGGER Embedded Studio for ARM 4.30c/lib/libdebugio_mempoll_v6m_t_le_eabi.a(do_nv_debug_operation.o)
                              C:/Program Files/SEGGER/SEGGER Embedded Studio for ARM 4.30c/lib/libdebugio_v6m_t_le_eabi.a(libdebugio.o) (__do_nvdebug_operation)
C:/Program Files/SEGGER/SEGGER Embedded Studio for ARM 4.30c/lib/libm_v6m_t_le_eabi.a(libm2.o)
                              C:/Program Files/SEGGER/SEGGER Embedded Studio for ARM 4.30c/lib/libvfprintf_v6m_t_le_eabi.o (frexp)

Discarded input sections

 .group         0x0000000000000000        0xc Output/lpc_test Debug/Obj/system_LPC11xx.o
 .group         0x0000000000000000        0xc Output/lpc_test Debug/Obj/system_LPC11xx.o
 .group         0x0000000000000000        0xc Output/lpc_test Debug/Obj/system_LPC11xx.o
 .group         0x0000000000000000        0xc Output/lpc_test Debug/Obj/system_LPC11xx.o
 .group         0x0000000000000000        0xc Output/lpc_test Debug/Obj/system_LPC11xx.o
 .group         0x0000000000000000        0xc Output/lpc_test Debug/Obj/system_LPC11xx.o
 .group         0x0000000000000000        0xc Output/lpc_test Debug/Obj/system_LPC11xx.o
 .group         0x0000000000000000        0xc Output/lpc_test Debug/Obj/system_LPC11xx.o
 .text          0x0000000000000000        0x0 Output/lpc_test Debug/Obj/system_LPC11xx.o
 .data          0x0000000000000000        0x0 Output/lpc_test Debug/Obj/system_LPC11xx.o
 .bss           0x0000000000000000        0x0 Output/lpc_test Debug/Obj/system_LPC11xx.o
 .init          0x0000000000000000        0x0 Output/lpc_test Debug/Obj/system_LPC11xx.o
 .group         0x0000000000000000        0xc Output/lpc_test Debug/Obj/SEGGER_RTT.o
 .group         0x0000000000000000        0xc Output/lpc_test Debug/Obj/SEGGER_RTT.o
 .group         0x0000000000000000        0xc Output/lpc_test Debug/Obj/SEGGER_RTT.o
 .group         0x0000000000000000        0xc Output/lpc_test Debug/Obj/SEGGER_RTT.o
 .group         0x0000000000000000        0xc Output/lpc_test Debug/Obj/SEGGER_RTT.o
 .group         0x0000000000000000        0xc Output/lpc_test Debug/Obj/SEGGER_RTT.o
 .text          0x0000000000000000        0x0 Output/lpc_test Debug/Obj/SEGGER_RTT.o
 .data          0x0000000000000000        0x0 Output/lpc_test Debug/Obj/SEGGER_RTT.o
 .bss           0x0000000000000000        0x0 Output/lpc_test Debug/Obj/SEGGER_RTT.o
 .data._aTerminalId
                0x0000000000000000       0x10 Output/lpc_test Debug/Obj/SEGGER_RTT.o
 .bss._SEGGER_RTT
                0x0000000000000000       0x78 Output/lpc_test Debug/Obj/SEGGER_RTT.o
 .bss._acUpBuffer
                0x0000000000000000      0x400 Output/lpc_test Debug/Obj/SEGGER_RTT.o
 .bss._acDownBuffer
                0x0000000000000000       0x10 Output/lpc_test Debug/Obj/SEGGER_RTT.o
 .bss._ActiveTerminal
                0x0000000000000000        0x1 Output/lpc_test Debug/Obj/SEGGER_RTT.o
 .rodata        0x0000000000000000       0x17 Output/lpc_test Debug/Obj/SEGGER_RTT.o
 .text._DoInit  0x0000000000000000       0x9c Output/lpc_test Debug/Obj/SEGGER_RTT.o
 .text._WriteBlocking
                0x0000000000000000       0xb0 Output/lpc_test Debug/Obj/SEGGER_RTT.o
 .text._WriteNoCheck
                0x0000000000000000       0x7c Output/lpc_test Debug/Obj/SEGGER_RTT.o
 .text._PostTerminalSwitch
                0x0000000000000000       0x38 Output/lpc_test Debug/Obj/SEGGER_RTT.o
 .text._GetAvailWriteSpace
                0x0000000000000000       0x3c Output/lpc_test Debug/Obj/SEGGER_RTT.o
[...]
Memory Configuration

Name             Origin             Length             Attributes
UNPLACED_SECTIONS 0x0000000100000000 0x0000000000000000 xw
RAM              0x0000000010000000 0x0000000000002000 xw
FLASH            0x0000000000000000 0x0000000000008000 xr
*default*        0x0000000000000000 0xffffffffffffffff

Linker script and memory map

                0x000000000000182c                __vfprintf = __vfprintf_short_float_long
                0x0000000000000000                __vfscanf = __vfscanf_int
                0x0000000010000000                __RAM_segment_start__ = 0x10000000
                0x0000000010002000                __RAM_segment_end__ = 0x10002000
                0x0000000000002000                __RAM_segment_size__ = 0x2000
                0x0000000000000000                __FLASH_segment_start__ = 0x0
                0x0000000000008000                __FLASH_segment_end__ = 0x8000
                0x0000000000008000                __FLASH_segment_size__ = 0x8000
                0x0000000000000100                __HEAPSIZE__ = 0x100
                0x0000000000000000                __STACKSIZE_PROCESS__ = 0x0
                0x0000000000000100                __STACKSIZE__ = 0x100
                0x0000000010000000                __vectors_ram_load_start__ = ALIGN (__RAM_segment_start__, 0x100)

.vectors_ram    0x0000000010000000        0x0
                0x0000000010000000                __vectors_ram_start__ = .
 *(.vectors_ram .vectors_ram.*)
                0x0000000010000000                __vectors_ram_end__ = (__vectors_ram_start__ + SIZEOF (.vectors_ram))
                0x0000000000000000                __vectors_ram_size__ = SIZEOF (.vectors_ram)
                0x0000000010000000                __vectors_ram_load_end__ = __vectors_ram_end__
                0x0000000000000001                . = ASSERT (((__vectors_ram_start__ == __vectors_ram_end__) || ((__vectors_ram_end__ - __RAM_segment_start__) <= __RAM_segment_size__)), error: .vectors_ram is too large to fit in RAM memory segment)
                0x0000000000000000                __vectors_load_start__ = ALIGN (__FLASH_segment_start__, 0x100)

.vectors        0x0000000000000000       0xc0
                0x0000000000000000                __vectors_start__ = .
 *(.vectors .vectors.*)
 .vectors       0x0000000000000000       0xc0 Output/lpc_test Debug/Obj/LPC111x_Vectors.o
                0x0000000000000000                _vectors
                0x00000000000000c0                __vectors_end__ = (__vectors_start__ + SIZEOF (.vectors))
                0x00000000000000c0                __vectors_size__ = SIZEOF (.vectors)
                0x00000000000000c0                __vectors_load_end__ = __vectors_end__
                0x0000000000000001                . = ASSERT (((__vectors_start__ == __vectors_end__) || ((__vectors_end__ - __FLASH_segment_start__) <= __FLASH_segment_size__)), error: .vectors is too large to fit in FLASH memory segment)
                0x00000000000000c0                __init_load_start__ = ALIGN (__vectors_end__, 0x4)

.init           0x00000000000000c0      0x44c
                0x00000000000000c0                __init_start__ = .
 *(.init .init.*)
 .init.SystemCoreClockUpdate
                0x00000000000000c0      0x1d4 Output/lpc_test Debug/Obj/system_LPC11xx.o
                0x00000000000000c0                SystemCoreClockUpdate
 .init.SystemInit
                0x0000000000000294       0xb4 Output/lpc_test Debug/Obj/system_LPC11xx.o
                0x0000000000000294                SystemInit
 .init          0x0000000000000348      0x154 Output/lpc_test Debug/Obj/thumb_crt0.o
                0x0000000000000348                _start
                0x00000000000003f8                exit
 .init          0x000000000000049c       0x28 Output/lpc_test Debug/Obj/LPC1100_Startup.o
                0x000000000000049c                Reset_Handler
 .init          0x00000000000004c4       0x48 Output/lpc_test Debug/Obj/LPC111x_Vectors.o
                0x00000000000004c4                NMI_Handler
                0x00000000000004c6                HardFault_Handler
                0x00000000000004c8                SVC_Handler
                0x00000000000004ca                PendSV_Handler
                0x00000000000004d0                PIO0_0_IRQHandler
                0x00000000000004d2                PIO0_1_IRQHandler
                0x00000000000004d4                PIO0_2_IRQHandler
                0x00000000000004d6                PIO0_3_IRQHandler
                0x00000000000004d8                PIO0_4_IRQHandler
                0x00000000000004da                PIO0_5_IRQHandler
                0x00000000000004dc                PIO0_6_IRQHandler
                0x00000000000004de                PIO0_7_IRQHandler
                0x00000000000004e0                PIO0_8_IRQHandler
                0x00000000000004e2                PIO0_9_IRQHandler
                0x00000000000004e4                PIO0_10_IRQHandler
                0x00000000000004e6                PIO0_11_IRQHandler
                0x00000000000004e8                PIO1_0_IRQHandler
                0x00000000000004ea                SPI1_IRQHandler
                0x00000000000004f2                CT32B0_IRQHandler
                0x00000000000004f4                CT32B1_IRQHandler
                0x00000000000004f6                SPI0_IRQHandler
                0x00000000000004f8                UART_IRQHandler
                0x00000000000004fa                ADC_IRQHandler
                0x00000000000004fc                WDT_IRQHandler
                0x00000000000004fe                BOD_IRQHandler
                0x0000000000000500                FMC_IRQHandler
                0x0000000000000502                GPIO3_IRQHandler
                0x0000000000000504                GPIO2_IRQHandler
                0x0000000000000506                GPIO1_IRQHandler
                0x000000000000050c                __init_end__ = (__init_start__ + SIZEOF (.init))
                0x000000000000044c                __init_size__ = SIZEOF (.init)
                0x000000000000050c                __init_load_end__ = __init_end__
                0x0000000000000001                . = ASSERT (((__init_start__ == __init_end__) || ((__init_end__ - __FLASH_segment_start__) <= __FLASH_segment_size__)), error: .init is too large to fit in FLASH memory segment)
                0x000000000000050c                __init_rodata_load_start__ = ALIGN (__init_end__, 0x4)

.init_rodata    0x000000000000050c       0x40
                0x000000000000050c                __init_rodata_start__ = .
 *(.init_rodata .init_rodata.*)
 .init_rodata.SystemCoreClockUpdate
                0x000000000000050c       0x40 Output/lpc_test Debug/Obj/system_LPC11xx.o
                0x000000000000054c                __init_rodata_end__ = (__init_rodata_start__ + SIZEOF (.init_rodata))
                0x0000000000000040                __init_rodata_size__ = SIZEOF (.init_rodata)
                0x000000000000054c                __init_rodata_load_end__ = __init_rodata_end__
                0x0000000000000001                . = ASSERT (((__init_rodata_start__ == __init_rodata_end__) || ((__init_rodata_end__ - __FLASH_segment_start__) <= __FLASH_segment_size__)), error: .init_rodata is too large to fit in FLASH memory segment)
                0x000000000000054c                __text_load_start__ = ALIGN (__init_rodata_end__, 0x4)

.text           0x000000000000054c     0x2124
                0x000000000000054c                __text_start__ = .
 *(.text .text.* .glue_7t .glue_7 .gnu.linkonce.t.* .gcc_except_table .ARM.extab* .gnu.linkonce.armextab.*)
 .glue_7        0x000000000000054c        0x0 linker stubs
 .glue_7t       0x000000000000054c        0x0 linker stubs
 .text.__NVIC_EnableIRQ
                0x000000000000054c       0x34 Output/lpc_test Debug/Obj/i2c.o
 .text.I2C_IRQHandler
                0x0000000000000580      0x208 Output/lpc_test Debug/Obj/i2c.o
                0x0000000000000580                I2C_IRQHandler
 .text.i2c_init
                0x0000000000000788       0xc4 Output/lpc_test Debug/Obj/i2c.o
                0x0000000000000788                i2c_init
 .text.i2c_stop
                0x000000000000084c       0x24 Output/lpc_test Debug/Obj/i2c.o
                0x000000000000084c                i2c_stop
 .text.I2CEngine
                0x0000000000000870       0x64 Output/lpc_test Debug/Obj/i2c.o
                0x0000000000000870                I2CEngine
 .text.__NVIC_EnableIRQ
                0x00000000000008d4       0x34 Output/lpc_test Debug/Obj/main.o
 .text.GPIO0_IRQHandler
                0x0000000000000908       0x3c Output/lpc_test Debug/Obj/main.o
                0x0000000000000908                GPIO0_IRQHandler
 .text.main     0x0000000000000944       0x78 Output/lpc_test Debug/Obj/main.o
                0x0000000000000944                main
 .text.exti_gpio
                0x00000000000009bc       0x84 Output/lpc_test Debug/Obj/main.o
                0x00000000000009bc                exti_gpio
 .text.clock_init
                0x0000000000000a40       0xa0 Output/lpc_test Debug/Obj/system.o
                0x0000000000000a40                clock_init
 .text.delay_init
                0x0000000000000ae0       0x20 Output/lpc_test Debug/Obj/delay.o
                0x0000000000000ae0                delay_init
 .text.Delay_ms
                0x0000000000000b00       0x24 Output/lpc_test Debug/Obj/delay.o
                0x0000000000000b00                Delay_ms
 .text.SysTick_Handler
                0x0000000000000b24       0x14 Output/lpc_test Debug/Obj/delay.o
                0x0000000000000b24                SysTick_Handler
 .text.ssd1306_Reset
                0x0000000000000b38        0x4 Output/lpc_test Debug/Obj/ssd1306.o
                0x0000000000000b38                ssd1306_Reset
 .text.ssd1306_WriteCommand
                0x0000000000000b3c       0x84 Output/lpc_test Debug/Obj/ssd1306.o
                0x0000000000000b3c                ssd1306_WriteCommand
 .text.ssd1306_WriteData
                0x0000000000000bc0       0x94 Output/lpc_test Debug/Obj/ssd1306.o
                0x0000000000000bc0                ssd1306_WriteData
 .text.ssd1306_Init
                0x0000000000000c54       0xd8 Output/lpc_test Debug/Obj/ssd1306.o
                0x0000000000000c54                ssd1306_Init
 .text.ssd1306_Fill
                0x0000000000000d2c       0x48 Output/lpc_test Debug/Obj/ssd1306.o
                0x0000000000000d2c                ssd1306_Fill
 .text.ssd1306_UpdateScreen
                0x0000000000000d74       0x60 Output/lpc_test Debug/Obj/ssd1306.o
                0x0000000000000d74                ssd1306_UpdateScreen
 .text.ssd1306_DrawPixel
                0x0000000000000dd4       0xfc Output/lpc_test Debug/Obj/ssd1306.o
                0x0000000000000dd4                ssd1306_DrawPixel
 .text.ssd1306_WriteChar
                0x0000000000000ed0      0x11c Output/lpc_test Debug/Obj/ssd1306.o
                0x0000000000000ed0                ssd1306_WriteChar
 .text.ssd1306_WriteString
                0x0000000000000fec       0x54 Output/lpc_test Debug/Obj/ssd1306.o
                0x0000000000000fec                ssd1306_WriteString
 .text.ssd1306_SetCursor
                0x0000000000001040       0x34 Output/lpc_test Debug/Obj/ssd1306.o
                0x0000000000001040                ssd1306_SetCursor
 .text.CT16B0_IRQHandler
                0x0000000000001074       0x60 Output/lpc_test Debug/Obj/timer.o
                0x0000000000001074                CT16B0_IRQHandler
 .text.CT16B1_IRQHandler
                0x00000000000010d4       0x58 Output/lpc_test Debug/Obj/timer.o
                0x00000000000010d4                CT16B1_IRQHandler
 .text.__aeabi_read_tp
                0x000000000000112c        0x8 Output/lpc_test Debug/Obj/thumb_crt0.o
                0x000000000000112c                __aeabi_read_tp
 .text.__aeabi_fadd
                0x0000000000001134      0x13c C:/Program Files/SEGGER/SEGGER Embedded Studio for ARM 4.30c/lib/libm_v6m_t_le_eabi.a(libm_asm.o)
                0x0000000000001134                __aeabi_fadd
 .text.__aeabi_fsub
                0x0000000000001270       0x10 C:/Program Files/SEGGER/SEGGER Embedded Studio for ARM 4.30c/lib/libm_v6m_t_le_eabi.a(libm_asm.o)
                0x0000000000001270                __aeabi_fsub
 .text.__aeabi_fmul
                0x0000000000001280       0xb8 C:/Program Files/SEGGER/SEGGER Embedded Studio for ARM 4.30c/lib/libm_v6m_t_le_eabi.a(libm_asm.o)
                0x0000000000001280                __aeabi_fmul
 .text.__aeabi_fdiv
                0x0000000000001338       0x94 C:/Program Files/SEGGER/SEGGER Embedded Studio for ARM 4.30c/lib/libm_v6m_t_le_eabi.a(libm_asm.o)
                0x0000000000001338                __aeabi_fdiv
 .text.__aeabi_fcmple
                0x00000000000013cc       0x34 C:/Program Files/SEGGER/SEGGER Embedded Studio for ARM 4.30c/lib/libm_v6m_t_le_eabi.a(libm_asm.o)
                0x00000000000013cc                __aeabi_fcmple
 .text.__aeabi_fcmpeq
                0x0000000000001400       0x20 C:/Program Files/SEGGER/SEGGER Embedded Studio for ARM 4.30c/lib/libm_v6m_t_le_eabi.a(libm_asm.o)
                0x0000000000001400                __aeabi_fcmpeq
 .text.__aeabi_fcmpge
                0x0000000000001420       0x34 C:/Program Files/SEGGER/SEGGER Embedded Studio for ARM 4.30c/lib/libm_v6m_t_le_eabi.a(libm_asm.o)
                0x0000000000001420                __aeabi_fcmpge
 .text.__aeabi_fcmpgt
                0x0000000000001454       0x30 C:/Program Files/SEGGER/SEGGER Embedded Studio for ARM 4.30c/lib/libm_v6m_t_le_eabi.a(libm_asm.o)
                0x0000000000001454                __aeabi_fcmpgt
 .text.__aeabi_fcmplt
                0x0000000000001484       0x30 C:/Program Files/SEGGER/SEGGER Embedded Studio for ARM 4.30c/lib/libm_v6m_t_le_eabi.a(libm_asm.o)
                0x0000000000001484                __aeabi_fcmplt
 .text.__aeabi_f2uiz
                0x00000000000014b4       0x28 C:/Program Files/SEGGER/SEGGER Embedded Studio for ARM 4.30c/lib/libm_v6m_t_le_eabi.a(libm_asm.o)
                0x00000000000014b4                __aeabi_f2uiz
 .text.__aeabi_ui2f
                0x00000000000014dc       0x20 C:/Program Files/SEGGER/SEGGER Embedded Studio for ARM 4.30c/lib/libm_v6m_t_le_eabi.a(libm_asm.o)
                0x00000000000014dc                __aeabi_ui2f
 .text.__aeabi_d2f
                0x00000000000014fc       0x64 C:/Program Files/SEGGER/SEGGER Embedded Studio for ARM 4.30c/lib/libm_v6m_t_le_eabi.a(libm_asm.o)
                0x00000000000014fc                __aeabi_d2f
 .text.__float32_isinf
                0x0000000000001560       0x10 C:/Program Files/SEGGER/SEGGER Embedded Studio for ARM 4.30c/lib/libm_v6m_t_le_eabi.a(libm_asm.o)
                0x0000000000001560                __float32_isinf
 .text.__float32_isnan
                0x0000000000001570       0x10 C:/Program Files/SEGGER/SEGGER Embedded Studio for ARM 4.30c/lib/libm_v6m_t_le_eabi.a(libm_asm.o)
                0x0000000000001570                __float32_isnan
 .text.__float32_signbit
                0x0000000000001580        0x8 C:/Program Files/SEGGER/SEGGER Embedded Studio for ARM 4.30c/lib/libm_v6m_t_le_eabi.a(libm_asm.o)
                0x0000000000001580                __float32_signbit
 .text.fabsf    0x0000000000001588        0x8 C:/Program Files/SEGGER/SEGGER Embedded Studio for ARM 4.30c/lib/libm_v6m_t_le_eabi.a(libm_asm.o)
                0x0000000000001588                fabsf
                0x0000000000001588                fabs(float)
 .text.floorf   0x0000000000001590       0x54 C:/Program Files/SEGGER/SEGGER Embedded Studio for ARM 4.30c/lib/libm_v6m_t_le_eabi.a(libm_asm.o)
                0x0000000000001590                floorf
                0x0000000000001590                floor(float)
 .text.frexpf   0x00000000000015e4       0x24 C:/Program Files/SEGGER/SEGGER Embedded Studio for ARM 4.30c/lib/libm_v6m_t_le_eabi.a(libm_asm.o)
                0x00000000000015e4                frexpf
                0x00000000000015e4                frexp(float, int*)
 .text.ldexpf   0x0000000000001608       0x24 C:/Program Files/SEGGER/SEGGER Embedded Studio for ARM 4.30c/lib/libm_v6m_t_le_eabi.a(libm_asm.o)
                0x0000000000001608                ldexp(float, int)
                0x0000000000001608                ldexpf
 .text.libc.__int32_div
                0x000000000000162c       0x3c C:/Program Files/SEGGER/SEGGER Embedded Studio for ARM 4.30c/lib/libc_v6m_t_le_eabi.a(libc_asm.o)
                0x000000000000162c                __int32_div
                0x000000000000162c                __divsi3
                0x000000000000162c                __aeabi_idiv
 .text.libc.__uint32_div
                0x0000000000001668       0x28 C:/Program Files/SEGGER/SEGGER Embedded Studio for ARM 4.30c/lib/libc_v6m_t_le_eabi.a(libc_asm.o)
                0x0000000000001668                __uint32_div
                0x0000000000001668                __aeabi_uidiv
                0x0000000000001668                __udivsi3
 .text.libc.__aeabi_uidivmod
                0x0000000000001690       0x2a C:/Program Files/SEGGER/SEGGER Embedded Studio for ARM 4.30c/lib/libc_v6m_t_le_eabi.a(libc_asm.o)
                0x0000000000001690                __aeabi_uidivmod
                0x0000000000001690                __int32_udivmod
 .text.libc.__aeabi_idivmod
                0x00000000000016ba       0x40 C:/Program Files/SEGGER/SEGGER Embedded Studio for ARM 4.30c/lib/libc_v6m_t_le_eabi.a(libc_asm.o)
                0x00000000000016ba                __aeabi_idivmod
 *fill*         0x00000000000016fa        0x2 
 .text.libc.__RAL_pow10f
                0x00000000000016fc       0x4c C:/Program Files/SEGGER/SEGGER Embedded Studio for ARM 4.30c/lib/libc_v6m_t_le_eabi.a(libc2.o)
                0x00000000000016fc                __RAL_pow10f
 .text.libc.__putc
                0x0000000000001748       0x3c C:/Program Files/SEGGER/SEGGER Embedded Studio for ARM 4.30c/lib/libc_v6m_t_le_eabi.a(libc2.o)
                0x0000000000001748                __putc
 .text.libc.__RAL_print_padding
                0x0000000000001784       0x18 C:/Program Files/SEGGER/SEGGER Embedded Studio for ARM 4.30c/lib/libc_v6m_t_le_eabi.a(libc2.o)
                0x0000000000001784                __RAL_print_padding
 .text.libc.__RAL_pre_padding
                0x000000000000179c       0x16 C:/Program Files/SEGGER/SEGGER Embedded Studio for ARM 4.30c/lib/libc_v6m_t_le_eabi.a(libc2.o)
                0x000000000000179c                __RAL_pre_padding
 .text.libc.abs
                0x00000000000017b2        0x8 C:/Program Files/SEGGER/SEGGER Embedded Studio for ARM 4.30c/lib/libc_v6m_t_le_eabi.a(libc2.o)
                0x00000000000017b2                abs
 *fill*         0x00000000000017ba        0x2 
 .text.libc.__aeabi_errno_addr
                0x00000000000017bc       0x10 C:/Program Files/SEGGER/SEGGER Embedded Studio for ARM 4.30c/lib/libc_v6m_t_le_eabi.a(libc2.o)
                0x00000000000017bc                __aeabi_errno_addr
 .text.libc.sprintf
                0x00000000000017cc       0x28 C:/Program Files/SEGGER/SEGGER Embedded Studio for ARM 4.30c/lib/libc_v6m_t_le_eabi.a(libc2.o)
                0x00000000000017cc                sprintf
 .text.libc.strnlen
                0x00000000000017f4       0x28 C:/Program Files/SEGGER/SEGGER Embedded Studio for ARM 4.30c/lib/libc_v6m_t_le_eabi.a(libc2.o)
                0x00000000000017f4                strnlen
 .text.libc.strlen
                0x000000000000181c        0xe C:/Program Files/SEGGER/SEGGER Embedded Studio for ARM 4.30c/lib/libc_v6m_t_le_eabi.a(libc2_asm.o)
                0x000000000000181c                strlen
 *fill*         0x000000000000182a        0x2 
 .text.libc.__vfprintf_short_float_long
                0x000000000000182c      0xcfc C:/Program Files/SEGGER/SEGGER Embedded Studio for ARM 4.30c/lib/libvfprintf_v6m_t_le_eabi.o
                0x000000000000182c                __vfprintf_short_float_long
 .text.libc.modff
                0x0000000000002528       0x48 C:/Program Files/SEGGER/SEGGER Embedded Studio for ARM 4.30c/lib/libm_v6m_t_le_eabi.a(libm2.o)
                0x0000000000002528                modf(float, float*)
                0x0000000000002528                modff
 .text.libc.fmodf
                0x0000000000002570      0x100 C:/Program Files/SEGGER/SEGGER Embedded Studio for ARM 4.30c/lib/libm_v6m_t_le_eabi.a(libm2.o)
                0x0000000000002570                fmod(float, float)
                0x0000000000002570                fmodf
                0x0000000000002670                __text_end__ = (__text_start__ + SIZEOF (.text))
                0x0000000000002124                __text_size__ = SIZEOF (.text)
                0x0000000000002670                __text_load_end__ = __text_end__

.vfp11_veneer   0x0000000100000000        0x0
 .vfp11_veneer  0x0000000100000000        0x0 linker stubs

.v4_bx          0x0000000100000000        0x0
 .v4_bx         0x0000000100000000        0x0 linker stubs

.iplt           0x0000000100000000        0x0
 .iplt          0x0000000100000000        0x0 Output/lpc_test Debug/Obj/system_LPC11xx.o
                0x0000000000000001                . = ASSERT (((__text_start__ == __text_end__) || ((__text_end__ - __FLASH_segment_start__) <= __FLASH_segment_size__)), error: .text is too large to fit in FLASH memory segment)
                0x0000000000002670                __dtors_load_start__ = ALIGN (__text_end__, 0x4)

.dtors          0x0000000000002670        0x0
                0x0000000000002670                __dtors_start__ = .
 *(SORT_BY_NAME(.dtors.*))
 *(.dtors)
 *(.fini_array)
 *(SORT_BY_NAME(.fini_array.*))
                0x0000000000002670                __dtors_end__ = (__dtors_start__ + SIZEOF (.dtors))
                0x0000000000000000                __dtors_size__ = SIZEOF (.dtors)
                0x0000000000002670                __dtors_load_end__ = __dtors_end__
                0x0000000000000001                . = ASSERT (((__dtors_start__ == __dtors_end__) || ((__dtors_end__ - __FLASH_segment_start__) <= __FLASH_segment_size__)), error: .dtors is too large to fit in FLASH memory segment)
                0x0000000000002670                __ctors_load_start__ = ALIGN (__dtors_end__, 0x4)

.ctors          0x0000000000002670        0x4
                0x0000000000002670                __ctors_start__ = .
 *(SORT_BY_NAME(.ctors.*))
 *(.ctors)
 *(.init_array)
 .init_array    0x0000000000002670        0x4 Output/lpc_test Debug/Obj/LPC1100_Startup.o
 *(SORT_BY_NAME(.init_array.*))
                0x0000000000002674                __ctors_end__ = (__ctors_start__ + SIZEOF (.ctors))
                0x0000000000000004                __ctors_size__ = SIZEOF (.ctors)
                0x0000000000002674                __ctors_load_end__ = __ctors_end__
                0x0000000000000001                . = ASSERT (((__ctors_start__ == __ctors_end__) || ((__ctors_end__ - __FLASH_segment_start__) <= __FLASH_segment_size__)), error: .ctors is too large to fit in FLASH memory segment)
                0x0000000000002674                __rodata_load_start__ = ALIGN (__ctors_end__, 0x4)

.rodata         0x0000000000002674     0x1aac
                0x0000000000002674                __rodata_start__ = .
 *(.rodata .rodata.* .gnu.linkonce.r.*)
 .rodata.I2C_IRQHandler
                0x0000000000002674      0x144 Output/lpc_test Debug/Obj/i2c.o
 .rodata        0x00000000000027b8       0x17 Output/lpc_test Debug/Obj/main.o
 *fill*         0x00000000000027cf        0x1 
 .rodata.Font7x10
                0x00000000000027d0      0x76c Output/lpc_test Debug/Obj/ssd1306_fonts.o
 .rodata.Font11x18
                0x0000000000002f3c      0xd5c Output/lpc_test Debug/Obj/ssd1306_fonts.o
 .rodata.libc.__RAL_hex_lc
                0x0000000000003c98       0x10 C:/Program Files/SEGGER/SEGGER Embedded Studio for ARM 4.30c/lib/libc_v6m_t_le_eabi.a(libc2.o)
                0x0000000000003c98                __RAL_hex_lc
 .rodata.libc.__RAL_hex_uc
                0x0000000000003ca8       0x10 C:/Program Files/SEGGER/SEGGER Embedded Studio for ARM 4.30c/lib/libc_v6m_t_le_eabi.a(libc2.o)
                0x0000000000003ca8                __RAL_hex_uc
 .rodata.libc.__aeabi_EDOM
                0x0000000000003cb8        0x4 C:/Program Files/SEGGER/SEGGER Embedded Studio for ARM 4.30c/lib/libc_v6m_t_le_eabi.a(libc2.o)
                0x0000000000003cb8                __aeabi_EDOM
 .rodata.libc.powerf
                0x0000000000003cbc       0x18 C:/Program Files/SEGGER/SEGGER Embedded Studio for ARM 4.30c/lib/libc_v6m_t_le_eabi.a(libc2.o)
 .rodata.libc.__vfprintf_short_float_long
                0x0000000000003cd4      0x378 C:/Program Files/SEGGER/SEGGER Embedded Studio for ARM 4.30c/lib/libvfprintf_v6m_t_le_eabi.o
 .rodata.libc.__vfprintf_float_long.str1.4
                0x000000000000404c       0x28 C:/Program Files/SEGGER/SEGGER Embedded Studio for ARM 4.30c/lib/libvfprintf_v6m_t_le_eabi.o
 .rodata.libc.__vfprintf_int.str1.4
                0x0000000000004074        0x8 C:/Program Files/SEGGER/SEGGER Embedded Studio for ARM 4.30c/lib/libvfprintf_v6m_t_le_eabi.o
                                          0x7 (size before relaxing)
 *fill*         0x000000000000407c        0x4 
 .rodata.libc.ipow10
                0x0000000000004080       0xa0 C:/Program Files/SEGGER/SEGGER Embedded Studio for ARM 4.30c/lib/libvfprintf_v6m_t_le_eabi.o
                0x0000000000004120                __rodata_end__ = (__rodata_start__ + SIZEOF (.rodata))
                0x0000000000001aac                __rodata_size__ = SIZEOF (.rodata)
                0x0000000000004120                __rodata_load_end__ = __rodata_end__

.rel.dyn        0x0000000000000000        0x0
 .rel.iplt      0x0000000000000000        0x0 Output/lpc_test Debug/Obj/system_LPC11xx.o
                0x0000000000000001                . = ASSERT (((__rodata_start__ == __rodata_end__) || ((__rodata_end__ - __FLASH_segment_start__) <= __FLASH_segment_size__)), error: .rodata is too large to fit in FLASH memory segment)
                0x0000000000004120                __ARM.exidx_load_start__ = ALIGN (__rodata_end__, 0x4)

.ARM.exidx      0x0000000000004120        0x0
                0x0000000000004120                __ARM.exidx_start__ = .
                0x0000000000004120                __exidx_start = __ARM.exidx_start__
 *(.ARM.exidx .ARM.exidx.*)
                0x0000000000004120                __ARM.exidx_end__ = (__ARM.exidx_start__ + SIZEOF (.ARM.exidx))
                0x0000000000000000                __ARM.exidx_size__ = SIZEOF (.ARM.exidx)
                0x0000000000004120                __exidx_end = __ARM.exidx_end__
                0x0000000000004120                __ARM.exidx_load_end__ = __ARM.exidx_end__
                0x0000000000000001                . = ASSERT (((__ARM.exidx_start__ == __ARM.exidx_end__) || ((__ARM.exidx_end__ - __FLASH_segment_start__) <= __FLASH_segment_size__)), error: .ARM.exidx is too large to fit in FLASH memory segment)
                0x0000000000004120                __fast_load_start__ = ALIGN (__ARM.exidx_end__, 0x4)

.fast           0x0000000010000000        0x0 load address 0x0000000000004120
                0x0000000010000000                __fast_start__ = .
 *(.fast .fast.*)
                0x0000000010000000                __fast_end__ = (__fast_start__ + SIZEOF (.fast))
                0x0000000000000000                __fast_size__ = SIZEOF (.fast)
                0x0000000000004120                __fast_load_end__ = (__fast_load_start__ + SIZEOF (.fast))
                0x0000000000000001                . = ASSERT (((__fast_load_start__ == __fast_load_end__) || ((__fast_load_end__ - __FLASH_segment_start__) <= __FLASH_segment_size__)), error: .fast is too large to fit in FLASH memory segment)

.fast_run       0x0000000010000000        0x0
                0x0000000010000000                __fast_run_start__ = .
                0x0000000010000000                . = MAX ((__fast_run_start__ + SIZEOF (.fast)), .)
                0x0000000010000000                __fast_run_end__ = (__fast_run_start__ + SIZEOF (.fast_run))
                0x0000000000000000                __fast_run_size__ = SIZEOF (.fast_run)
                0x0000000010000000                __fast_run_load_end__ = __fast_run_end__
                0x0000000000000001                . = ASSERT (((__fast_run_start__ == __fast_run_end__) || ((__fast_run_end__ - __RAM_segment_start__) <= __RAM_segment_size__)), error: .fast_run is too large to fit in RAM memory segment)
                0x0000000000004120                __data_load_start__ = ALIGN ((__fast_load_start__ + SIZEOF (.fast)), 0x4)

.data           0x0000000010000000       0x14 load address 0x0000000000004120
                0x0000000010000000                __data_start__ = .
 *(.data .data.* .gnu.linkonce.d.*)
 .data.SystemCoreClock
                0x0000000010000000        0x4 Output/lpc_test Debug/Obj/system_LPC11xx.o
                0x0000000010000000                SystemCoreClock
 .data.Font_7x10
                0x0000000010000004        0x8 Output/lpc_test Debug/Obj/ssd1306_fonts.o
                0x0000000010000004                Font_7x10
 .data.Font_11x18
                0x000000001000000c        0x8 Output/lpc_test Debug/Obj/ssd1306_fonts.o
                0x000000001000000c                Font_11x18
                0x0000000010000014                __data_end__ = (__data_start__ + SIZEOF (.data))
                0x0000000000000014                __data_size__ = SIZEOF (.data)
                0x0000000000004134                __data_load_end__ = (__data_load_start__ + SIZEOF (.data))

.igot.plt       0x0000000100000000        0x0
 .igot.plt      0x0000000100000000        0x0 Output/lpc_test Debug/Obj/system_LPC11xx.o
                0x0000000000000001                . = ASSERT (((__data_load_start__ == __data_load_end__) || ((__data_load_end__ - __FLASH_segment_start__) <= __FLASH_segment_size__)), error: .data is too large to fit in FLASH memory segment)

.data_run       0x0000000010000000       0x14 load address 0x0000000000004120
                0x0000000010000000                __data_run_start__ = .
                0x0000000010000014                . = MAX ((__data_run_start__ + SIZEOF (.data)), .)
 *fill*         0x0000000010000000       0x14 
                0x0000000010000014                __data_run_end__ = (__data_run_start__ + SIZEOF (.data_run))
                0x0000000000000014                __data_run_size__ = SIZEOF (.data_run)
                0x0000000010000014                __data_run_load_end__ = __data_run_end__
                0x0000000000000001                . = ASSERT (((__data_run_start__ == __data_run_end__) || ((__data_run_end__ - __RAM_segment_start__) <= __RAM_segment_size__)), error: .data_run is too large to fit in RAM memory segment)
                0x0000000010000014                __bss_load_start__ = ALIGN (__data_run_end__, 0x4)

.bss            0x0000000010000014      0x554
                0x0000000010000014                __bss_start__ = .
 *(.bss .bss.* .gnu.linkonce.b.*)
 .bss.I2CMasterState
                0x0000000010000014        0x4 Output/lpc_test Debug/Obj/i2c.o
                0x0000000010000014                I2CMasterState
 .bss.timeout   0x0000000010000018        0x4 Output/lpc_test Debug/Obj/i2c.o
                0x0000000010000018                timeout
 .bss.I2CMasterBuffer
                0x000000001000001c       0x80 Output/lpc_test Debug/Obj/i2c.o
                0x000000001000001c                I2CMasterBuffer
 .bss.I2CSlaveBuffer
                0x000000001000009c       0x80 Output/lpc_test Debug/Obj/i2c.o
                0x000000001000009c                I2CSlaveBuffer
 .bss.I2CReadLength
                0x000000001000011c        0x4 Output/lpc_test Debug/Obj/i2c.o
                0x000000001000011c                I2CReadLength
 .bss.I2CWriteLength
                0x0000000010000120        0x4 Output/lpc_test Debug/Obj/i2c.o
                0x0000000010000120                I2CWriteLength
 .bss.RdIndex   0x0000000010000124        0x4 Output/lpc_test Debug/Obj/i2c.o
                0x0000000010000124                RdIndex
 .bss.WrIndex   0x0000000010000128        0x4 Output/lpc_test Debug/Obj/i2c.o
                0x0000000010000128                WrIndex
 .bss.str       0x000000001000012c       0x28 Output/lpc_test Debug/Obj/main.o
                0x000000001000012c                str
 .bss.status    0x0000000010000154        0x4 Output/lpc_test Debug/Obj/main.o
                0x0000000010000154                status
 .bss.msTicks   0x0000000010000158        0x4 Output/lpc_test Debug/Obj/delay.o
                0x0000000010000158                msTicks
 .bss.SSD1306_Buffer
                0x000000001000015c      0x400 Output/lpc_test Debug/Obj/ssd1306.o
 .bss.SSD1306   0x000000001000055c        0x6 Output/lpc_test Debug/Obj/ssd1306.o
 *fill*         0x0000000010000562        0x2 
 .bss.libc.__user_format_extender
                0x0000000010000564        0x4 C:/Program Files/SEGGER/SEGGER Embedded Studio for ARM 4.30c/lib/libc_v6m_t_le_eabi.a(libc2.o)
                0x0000000010000564                __user_format_extender
 *(COMMON)
                0x0000000010000568                __bss_end__ = (__bss_start__ + SIZEOF (.bss))
                0x0000000000000554                __bss_size__ = SIZEOF (.bss)
                0x0000000010000568                __bss_load_end__ = __bss_end__
                0x0000000000000001                . = ASSERT (((__bss_start__ == __bss_end__) || ((__bss_end__ - __RAM_segment_start__) <= __RAM_segment_size__)), error: .bss is too large to fit in RAM memory segment)
                0x0000000010000568                __tbss_load_start__ = ALIGN (__bss_end__, 0x4)

.tbss           0x0000000010000568        0x4
                0x0000000010000568                __tbss_start__ = .
 *(.tbss .tbss.*)
 .tbss.errno_val
                0x0000000010000568        0x4 C:/Program Files/SEGGER/SEGGER Embedded Studio for ARM 4.30c/lib/libc_v6m_t_le_eabi.a(libc2.o)
                0x000000001000056c                __tbss_end__ = (__tbss_start__ + SIZEOF (.tbss))
                0x0000000000000004                __tbss_size__ = SIZEOF (.tbss)
                0x000000001000056c                __tbss_load_end__ = __tbss_end__
                0x0000000000000001                . = ASSERT (((__tbss_start__ == __tbss_end__) || ((__tbss_end__ - __RAM_segment_start__) <= __RAM_segment_size__)), error: .tbss is too large to fit in RAM memory segment)
                0x0000000000004134                __tdata_load_start__ = ALIGN ((__data_load_start__ + SIZEOF (.data)), 0x4)

.tdata          0x000000001000056c        0x0 load address 0x0000000000004134
                0x000000001000056c                __tdata_start__ = .
 *(.tdata .tdata.*)
                0x000000001000056c                __tdata_end__ = (__tdata_start__ + SIZEOF (.tdata))
                0x0000000000000000                __tdata_size__ = SIZEOF (.tdata)
                0x0000000000004134                __tdata_load_end__ = (__tdata_load_start__ + SIZEOF (.tdata))
                0x0000000000004134                __FLASH_segment_used_end__ = (ALIGN ((__data_load_start__ + SIZEOF (.data)), 0x4) + SIZEOF (.tdata))
                0x0000000000004134                __FLASH_segment_used_size__ = (__FLASH_segment_used_end__ - __FLASH_segment_start__)
                0x0000000000000001                . = ASSERT (((__tdata_load_start__ == __tdata_load_end__) || ((__tdata_load_end__ - __FLASH_segment_start__) <= __FLASH_segment_size__)), error: .tdata is too large to fit in FLASH memory segment)

.tdata_run      0x000000001000056c        0x0
                0x000000001000056c                __tdata_run_start__ = .
                0x000000001000056c                . = MAX ((__tdata_run_start__ + SIZEOF (.tdata)), .)
                0x000000001000056c                __tdata_run_end__ = (__tdata_run_start__ + SIZEOF (.tdata_run))
                0x0000000000000000                __tdata_run_size__ = SIZEOF (.tdata_run)
                0x000000001000056c                __tdata_run_load_end__ = __tdata_run_end__
                0x0000000000000001                . = ASSERT (((__tdata_run_start__ == __tdata_run_end__) || ((__tdata_run_end__ - __RAM_segment_start__) <= __RAM_segment_size__)), error: .tdata_run is too large to fit in RAM memory segment)
                0x000000001000056c                __non_init_load_start__ = ALIGN (__tdata_run_end__, 0x4)

.non_init       0x000000001000056c        0x0
                0x000000001000056c                __non_init_start__ = .
 *(.non_init .non_init.*)
                0x000000001000056c                __non_init_end__ = (__non_init_start__ + SIZEOF (.non_init))
                0x0000000000000000                __non_init_size__ = SIZEOF (.non_init)
                0x000000001000056c                __non_init_load_end__ = __non_init_end__
                0x0000000000000001                . = ASSERT (((__non_init_start__ == __non_init_end__) || ((__non_init_end__ - __RAM_segment_start__) <= __RAM_segment_size__)), error: .non_init is too large to fit in RAM memory segment)
                0x000000001000056c                __heap_load_start__ = ALIGN (__non_init_end__, 0x4)

.heap           0x000000001000056c      0x100
                0x000000001000056c                __heap_start__ = .
 *(.heap .heap.*)
                0x000000001000066c                . = ALIGN (MAX ((__heap_start__ + __HEAPSIZE__), .), 0x4)
 *fill*         0x000000001000056c      0x100 
                0x000000001000066c                __heap_end__ = (__heap_start__ + SIZEOF (.heap))
                0x0000000000000100                __heap_size__ = SIZEOF (.heap)
                0x000000001000066c                __heap_load_end__ = __heap_end__
                0x0000000000000001                . = ASSERT (((__heap_start__ == __heap_end__) || ((__heap_end__ - __RAM_segment_start__) <= __RAM_segment_size__)), error: .heap is too large to fit in RAM memory segment)
                0x0000000010001f00                __stack_load_start__ = (__RAM_segment_start__ + (__RAM_segment_size__ - 0x100))

.stack          0x0000000010001f00      0x100
                0x0000000010001f00                __stack_start__ = .
 *(.stack .stack.*)
                0x0000000010002000                . = ALIGN (MAX ((__stack_start__ + __STACKSIZE__), .), 0x8)
 *fill*         0x0000000010001f00      0x100 
                0x0000000010002000                __stack_end__ = (__stack_start__ + SIZEOF (.stack))
                0x0000000000000100                __stack_size__ = SIZEOF (.stack)
                0x0000000010002000                __stack_load_end__ = __stack_end__
                0x0000000000000001                . = ASSERT (((__stack_start__ == __stack_end__) || ((__stack_end__ - __RAM_segment_start__) <= __RAM_segment_size__)), error: .stack is too large to fit in RAM memory segment)
                0x0000000000000001                . = ASSERT ((__heap_end__ <= __stack_start__), error: section .heap overlaps absolute placed section .stack)
                0x0000000010002000                __stack_process_load_start__ = ALIGN (__stack_end__, 0x8)

.stack_process  0x0000000010002000        0x0
                0x0000000010002000                __stack_process_start__ = .
 *(.stack_process .stack_process.*)
                0x0000000010002000                . = ALIGN (MAX ((__stack_process_start__ + __STACKSIZE_PROCESS__), .), 0x8)
                0x0000000010002000                __stack_process_end__ = (__stack_process_start__ + SIZEOF (.stack_process))
                0x0000000000000000                __stack_process_size__ = SIZEOF (.stack_process)
                0x0000000010002000                __stack_process_load_end__ = __stack_process_end__
                0x0000000010002000                __RAM_segment_used_end__ = (ALIGN (__stack_end__, 0x8) + SIZEOF (.stack_process))
                0x0000000000002000                __RAM_segment_used_size__ = (__RAM_segment_used_end__ - __RAM_segment_start__)
                0x0000000000000001                . = ASSERT (((__stack_process_start__ == __stack_process_end__) || ((__stack_process_end__ - __RAM_segment_start__) <= __RAM_segment_size__)), error: .stack_process is too large to fit in RAM memory segment)
START GROUP
LOAD Output/lpc_test Debug/Obj/system_LPC11xx.o
LOAD Output/lpc_test Debug/Obj/SEGGER_RTT.o
LOAD Output/lpc_test Debug/Obj/SEGGER_RTT_SES.o
LOAD Output/lpc_test Debug/Obj/eeprom.o
LOAD Output/lpc_test Debug/Obj/i2c.o
LOAD Output/lpc_test Debug/Obj/main.o
LOAD Output/lpc_test Debug/Obj/system.o
LOAD Output/lpc_test Debug/Obj/uart.o
LOAD Output/lpc_test Debug/Obj/spi.o
LOAD Output/lpc_test Debug/Obj/delay.o
LOAD Output/lpc_test Debug/Obj/mlx90614.o
LOAD Output/lpc_test Debug/Obj/ssd1306.o
LOAD Output/lpc_test Debug/Obj/ssd1306_fonts.o
LOAD Output/lpc_test Debug/Obj/timer.o
LOAD Output/lpc_test Debug/Obj/thumb_crt0.o
LOAD Output/lpc_test Debug/Obj/LPC1100_Startup.o
LOAD Output/lpc_test Debug/Obj/LPC111x_Vectors.o
LOAD C:/Program Files/SEGGER/SEGGER Embedded Studio for ARM 4.30c/lib/libdebugio_mempoll_v6m_t_le_eabi.a
LOAD C:/Program Files/SEGGER/SEGGER Embedded Studio for ARM 4.30c/lib/libm_v6m_t_le_eabi.a
LOAD C:/Program Files/SEGGER/SEGGER Embedded Studio for ARM 4.30c/lib/libc_v6m_t_le_eabi.a
LOAD C:/Program Files/SEGGER/SEGGER Embedded Studio for ARM 4.30c/lib/libcpp_v6m_t_le_eabi.a
LOAD C:/Program Files/SEGGER/SEGGER Embedded Studio for ARM 4.30c/lib/libdebugio_v6m_t_le_eabi.a
LOAD C:/Program Files/SEGGER/SEGGER Embedded Studio for ARM 4.30c/lib/libvfprintf_v6m_t_le_eabi.o
LOAD C:/Program Files/SEGGER/SEGGER Embedded Studio for ARM 4.30c/lib/libvfscanf_v6m_t_le_eabi.o
END GROUP
OUTPUT(Output/Debug/Exe/lpc_test.elf elf32-littlearm)

.debug_frame    0x0000000000000000      0x388
 .debug_frame   0x0000000000000000       0x48 Output/lpc_test Debug/Obj/system_LPC11xx.o
 .debug_frame   0x0000000000000048       0x94 Output/lpc_test Debug/Obj/i2c.o
 .debug_frame   0x00000000000000dc       0x70 Output/lpc_test Debug/Obj/main.o
 .debug_frame   0x000000000000014c       0x40 Output/lpc_test Debug/Obj/system.o
 .debug_frame   0x000000000000018c       0x48 Output/lpc_test Debug/Obj/delay.o
 .debug_frame   0x00000000000001d4      0x134 Output/lpc_test Debug/Obj/ssd1306.o
 .debug_frame   0x0000000000000308       0x80 Output/lpc_test Debug/Obj/timer.o

.debug_info     0x0000000000000000     0x3bc2
 .debug_info    0x0000000000000000      0x465 Output/lpc_test Debug/Obj/system_LPC11xx.o
 .debug_info    0x0000000000000465      0xb90 Output/lpc_test Debug/Obj/i2c.o
 .debug_info    0x0000000000000ff5     0x1027 Output/lpc_test Debug/Obj/main.o
 .debug_info    0x000000000000201c      0x88a Output/lpc_test Debug/Obj/system.o
 .debug_info    0x00000000000028a6      0x13f Output/lpc_test Debug/Obj/delay.o
 .debug_info    0x00000000000029e5      0x44e Output/lpc_test Debug/Obj/ssd1306.o
 .debug_info    0x0000000000002e33      0x188 Output/lpc_test Debug/Obj/ssd1306_fonts.o
 .debug_info    0x0000000000002fbb      0xb99 Output/lpc_test Debug/Obj/timer.o
 .debug_info    0x0000000000003b54       0x22 Output/lpc_test Debug/Obj/thumb_crt0.o
 .debug_info    0x0000000000003b76       0x26 Output/lpc_test Debug/Obj/LPC1100_Startup.o
 .debug_info    0x0000000000003b9c       0x26 Output/lpc_test Debug/Obj/LPC111x_Vectors.o

.debug_abbrev   0x0000000000000000      0xca3
 .debug_abbrev  0x0000000000000000      0x10a Output/lpc_test Debug/Obj/system_LPC11xx.o
 .debug_abbrev  0x000000000000010a      0x207 Output/lpc_test Debug/Obj/i2c.o
 .debug_abbrev  0x0000000000000311      0x282 Output/lpc_test Debug/Obj/main.o
 .debug_abbrev  0x0000000000000593      0x153 Output/lpc_test Debug/Obj/system.o
 .debug_abbrev  0x00000000000006e6      0x10b Output/lpc_test Debug/Obj/delay.o
 .debug_abbrev  0x00000000000007f1      0x1ea Output/lpc_test Debug/Obj/ssd1306.o
 .debug_abbrev  0x00000000000009db       0xb0 Output/lpc_test Debug/Obj/ssd1306_fonts.o
 .debug_abbrev  0x0000000000000a8b      0x1de Output/lpc_test Debug/Obj/timer.o
 .debug_abbrev  0x0000000000000c69       0x12 Output/lpc_test Debug/Obj/thumb_crt0.o
 .debug_abbrev  0x0000000000000c7b       0x14 Output/lpc_test Debug/Obj/LPC1100_Startup.o
 .debug_abbrev  0x0000000000000c8f       0x14 Output/lpc_test Debug/Obj/LPC111x_Vectors.o

.debug_pubnames
                0x0000000000000000      0xcda
 .debug_pubnames
                0x0000000000000000       0x4f Output/lpc_test Debug/Obj/system_LPC11xx.o
 .debug_pubnames
                0x000000000000004f      0x3eb Output/lpc_test Debug/Obj/i2c.o
 .debug_pubnames
                0x000000000000043a      0x386 Output/lpc_test Debug/Obj/main.o
 .debug_pubnames
                0x00000000000007c0       0x2f Output/lpc_test Debug/Obj/system.o
 .debug_pubnames
                0x00000000000007ef       0x5a Output/lpc_test Debug/Obj/delay.o
 .debug_pubnames
                0x0000000000000849      0x13a Output/lpc_test Debug/Obj/ssd1306.o
 .debug_pubnames
                0x0000000000000983       0x67 Output/lpc_test Debug/Obj/ssd1306_fonts.o
 .debug_pubnames
                0x00000000000009ea      0x2f0 Output/lpc_test Debug/Obj/timer.o

.debug_pubtypes
                0x0000000000000000      0x8ea
 .debug_pubtypes
                0x0000000000000000       0xc3 Output/lpc_test Debug/Obj/system_LPC11xx.o
 .debug_pubtypes
                0x00000000000000c3      0x12a Output/lpc_test Debug/Obj/i2c.o
 .debug_pubtypes
                0x00000000000001ed      0x253 Output/lpc_test Debug/Obj/main.o
 .debug_pubtypes
                0x0000000000000440       0xfc Output/lpc_test Debug/Obj/system.o
 .debug_pubtypes
                0x000000000000053c       0xbd Output/lpc_test Debug/Obj/delay.o
 .debug_pubtypes
                0x00000000000005f9       0xfa Output/lpc_test Debug/Obj/ssd1306.o
 .debug_pubtypes
                0x00000000000006f3       0xc4 Output/lpc_test Debug/Obj/ssd1306_fonts.o
 .debug_pubtypes
                0x00000000000007b7      0x133 Output/lpc_test Debug/Obj/timer.o

.debug_aranges  0x0000000000000000      0x280
 .debug_aranges
                0x0000000000000000       0x28 Output/lpc_test Debug/Obj/system_LPC11xx.o
 .debug_aranges
                0x0000000000000028       0x48 Output/lpc_test Debug/Obj/i2c.o
 .debug_aranges
                0x0000000000000070       0x38 Output/lpc_test Debug/Obj/main.o
 .debug_aranges
                0x00000000000000a8       0x28 Output/lpc_test Debug/Obj/system.o
 .debug_aranges
                0x00000000000000d0       0x30 Output/lpc_test Debug/Obj/delay.o
 .debug_aranges
                0x0000000000000100       0x68 Output/lpc_test Debug/Obj/ssd1306.o
 .debug_aranges
                0x0000000000000168       0x18 Output/lpc_test Debug/Obj/ssd1306_fonts.o
 .debug_aranges
                0x0000000000000180       0x40 Output/lpc_test Debug/Obj/timer.o
 .debug_aranges
                0x00000000000001c0       0x80 Output/lpc_test Debug/Obj/thumb_crt0.o
 .debug_aranges
                0x0000000000000240       0x20 Output/lpc_test Debug/Obj/LPC1100_Startup.o
 .debug_aranges
                0x0000000000000260       0x20 Output/lpc_test Debug/Obj/LPC111x_Vectors.o

.debug_ranges   0x0000000000000000      0x1b0
 .debug_ranges  0x0000000000000000       0x18 Output/lpc_test Debug/Obj/system_LPC11xx.o
 .debug_ranges  0x0000000000000018       0x38 Output/lpc_test Debug/Obj/i2c.o
 .debug_ranges  0x0000000000000050       0x28 Output/lpc_test Debug/Obj/main.o
 .debug_ranges  0x0000000000000078       0x18 Output/lpc_test Debug/Obj/system.o
 .debug_ranges  0x0000000000000090       0x20 Output/lpc_test Debug/Obj/delay.o
 .debug_ranges  0x00000000000000b0       0x58 Output/lpc_test Debug/Obj/ssd1306.o
 .debug_ranges  0x0000000000000108       0x30 Output/lpc_test Debug/Obj/timer.o
 .debug_ranges  0x0000000000000138       0x78 Output/lpc_test Debug/Obj/thumb_crt0.o

.debug_macro    0x0000000000000000     0x1818
 .debug_macro   0x0000000000000000       0xde Output/lpc_test Debug/Obj/system_LPC11xx.o
 .debug_macro   0x00000000000000de      0xa9c Output/lpc_test Debug/Obj/system_LPC11xx.o
 .debug_macro   0x0000000000000b7a      0x1a3 Output/lpc_test Debug/Obj/system_LPC11xx.o
 .debug_macro   0x0000000000000d1d       0x1c Output/lpc_test Debug/Obj/system_LPC11xx.o
 .debug_macro   0x0000000000000d39       0x1c Output/lpc_test Debug/Obj/system_LPC11xx.o
 .debug_macro   0x0000000000000d55       0x22 Output/lpc_test Debug/Obj/system_LPC11xx.o
 .debug_macro   0x0000000000000d77       0xb5 Output/lpc_test Debug/Obj/system_LPC11xx.o
 .debug_macro   0x0000000000000e2c      0x391 Output/lpc_test Debug/Obj/system_LPC11xx.o
 .debug_macro   0x00000000000011bd      0x131 Output/lpc_test Debug/Obj/system_LPC11xx.o
 .debug_macro   0x00000000000012ee       0x6b Output/lpc_test Debug/Obj/i2c.o
 .debug_macro   0x0000000000001359      0x137 Output/lpc_test Debug/Obj/main.o
 .debug_macro   0x0000000000001490       0x72 Output/lpc_test Debug/Obj/main.o
 .debug_macro   0x0000000000001502       0x10 Output/lpc_test Debug/Obj/main.o
 .debug_macro   0x0000000000001512       0x64 Output/lpc_test Debug/Obj/main.o
 .debug_macro   0x0000000000001576       0x6a Output/lpc_test Debug/Obj/main.o
 .debug_macro   0x00000000000015e0       0x16 Output/lpc_test Debug/Obj/main.o
 .debug_macro   0x00000000000015f6       0x3a Output/lpc_test Debug/Obj/main.o
 .debug_macro   0x0000000000001630       0x66 Output/lpc_test Debug/Obj/system.o
 .debug_macro   0x0000000000001696       0x6b Output/lpc_test Debug/Obj/delay.o
 .debug_macro   0x0000000000001701       0x8d Output/lpc_test Debug/Obj/ssd1306.o
 .debug_macro   0x000000000000178e       0x24 Output/lpc_test Debug/Obj/ssd1306_fonts.o
 .debug_macro   0x00000000000017b2       0x66 Output/lpc_test Debug/Obj/timer.o

.debug_line     0x0000000000000000     0x1de8
 .debug_line    0x0000000000000000      0x3f8 Output/lpc_test Debug/Obj/system_LPC11xx.o
 .debug_line    0x00000000000003f8      0x470 Output/lpc_test Debug/Obj/i2c.o
 .debug_line    0x0000000000000868      0x387 Output/lpc_test Debug/Obj/main.o
 .debug_line    0x0000000000000bef      0x2fa Output/lpc_test Debug/Obj/system.o
 .debug_line    0x0000000000000ee9      0x261 Output/lpc_test Debug/Obj/delay.o
 .debug_line    0x000000000000114a      0x4fd Output/lpc_test Debug/Obj/ssd1306.o
 .debug_line    0x0000000000001647       0xdc Output/lpc_test Debug/Obj/ssd1306_fonts.o
 .debug_line    0x0000000000001723      0x364 Output/lpc_test Debug/Obj/timer.o
 .debug_line    0x0000000000001a87      0x1f6 Output/lpc_test Debug/Obj/thumb_crt0.o
 .debug_line    0x0000000000001c7d       0xad Output/lpc_test Debug/Obj/LPC1100_Startup.o
 .debug_line    0x0000000000001d2a       0xbe Output/lpc_test Debug/Obj/LPC111x_Vectors.o

.debug_str      0x0000000000000000     0x7cae
 .debug_str     0x0000000000000000     0x5735 Output/lpc_test Debug/Obj/system_LPC11xx.o
                                       0x579e (size before relaxing)
 .debug_str     0x0000000000005735      0x921 Output/lpc_test Debug/Obj/i2c.o
                                       0x5c7f (size before relaxing)
 .debug_str     0x0000000000006056     0x1720 Output/lpc_test Debug/Obj/main.o
                                       0x7133 (size before relaxing)
 .debug_str     0x0000000000007776       0xc3 Output/lpc_test Debug/Obj/system.o
                                       0x5706 (size before relaxing)
 .debug_str     0x0000000000007839       0xa6 Output/lpc_test Debug/Obj/delay.o
                                       0x52f1 (size before relaxing)
 .debug_str     0x00000000000078df      0x177 Output/lpc_test Debug/Obj/ssd1306.o
                                       0x5760 (size before relaxing)
 .debug_str     0x0000000000007a56       0x75 Output/lpc_test Debug/Obj/ssd1306_fonts.o
                                       0x327c (size before relaxing)
 .debug_str     0x0000000000007acb       0xae Output/lpc_test Debug/Obj/timer.o
                                       0x5939 (size before relaxing)
 .debug_str     0x0000000000007b79       0x63 Output/lpc_test Debug/Obj/thumb_crt0.o
                                         0xab (size before relaxing)
 .debug_str     0x0000000000007bdc       0x69 Output/lpc_test Debug/Obj/LPC1100_Startup.o
                                         0xbf (size before relaxing)
 .debug_str     0x0000000000007c45       0x69 Output/lpc_test Debug/Obj/LPC111x_Vectors.o
                                         0xbf (size before relaxing)

.comment        0x0000000000000000       0x43
 .comment       0x0000000000000000       0x43 Output/lpc_test Debug/Obj/system_LPC11xx.o
                                         0x44 (size before relaxing)
 .comment       0x0000000000000043       0x44 Output/lpc_test Debug/Obj/i2c.o
 .comment       0x0000000000000043       0x44 Output/lpc_test Debug/Obj/main.o
 .comment       0x0000000000000043       0x44 Output/lpc_test Debug/Obj/system.o
 .comment       0x0000000000000043       0x44 Output/lpc_test Debug/Obj/delay.o
 .comment       0x0000000000000043       0x44 Output/lpc_test Debug/Obj/ssd1306.o
 .comment       0x0000000000000043       0x44 Output/lpc_test Debug/Obj/ssd1306_fonts.o
 .comment       0x0000000000000043       0x44 Output/lpc_test Debug/Obj/timer.o
 .comment       0x0000000000000043       0x44 C:/Program Files/SEGGER/SEGGER Embedded Studio for ARM 4.30c/lib/libc_v6m_t_le_eabi.a(libc2.o)
 .comment       0x0000000000000043       0x44 C:/Program Files/SEGGER/SEGGER Embedded Studio for ARM 4.30c/lib/libvfprintf_v6m_t_le_eabi.o
 .comment       0x0000000000000043       0x44 C:/Program Files/SEGGER/SEGGER Embedded Studio for ARM 4.30c/lib/libm_v6m_t_le_eabi.a(libm2.o)

.ARM.attributes
                0x0000000000000000       0x2f
 .ARM.attributes
                0x0000000000000000       0x31 Output/lpc_test Debug/Obj/system_LPC11xx.o
 .ARM.attributes
                0x0000000000000031       0x31 Output/lpc_test Debug/Obj/i2c.o
 .ARM.attributes
                0x0000000000000062       0x31 Output/lpc_test Debug/Obj/main.o
 .ARM.attributes
                0x0000000000000093       0x31 Output/lpc_test Debug/Obj/system.o
 .ARM.attributes
                0x00000000000000c4       0x31 Output/lpc_test Debug/Obj/delay.o
 .ARM.attributes
                0x00000000000000f5       0x31 Output/lpc_test Debug/Obj/ssd1306.o
 .ARM.attributes
                0x0000000000000126       0x31 Output/lpc_test Debug/Obj/ssd1306_fonts.o
 .ARM.attributes
                0x0000000000000157       0x31 Output/lpc_test Debug/Obj/timer.o
 .ARM.attributes
                0x0000000000000188       0x21 Output/lpc_test Debug/Obj/thumb_crt0.o
 .ARM.attributes
                0x00000000000001a9       0x21 Output/lpc_test Debug/Obj/LPC1100_Startup.o
 .ARM.attributes
                0x00000000000001ca       0x21 Output/lpc_test Debug/Obj/LPC111x_Vectors.o
 .ARM.attributes
                0x00000000000001eb       0x1b C:/Program Files/SEGGER/SEGGER Embedded Studio for ARM 4.30c/lib/libm_v6m_t_le_eabi.a(libm_asm.o)
 .ARM.attributes
                0x0000000000000206       0x1b C:/Program Files/SEGGER/SEGGER Embedded Studio for ARM 4.30c/lib/libc_v6m_t_le_eabi.a(libc_asm.o)
 .ARM.attributes
                0x0000000000000221       0x2b C:/Program Files/SEGGER/SEGGER Embedded Studio for ARM 4.30c/lib/libc_v6m_t_le_eabi.a(libc2.o)
 .ARM.attributes
                0x000000000000024c       0x1b C:/Program Files/SEGGER/SEGGER Embedded Studio for ARM 4.30c/lib/libc_v6m_t_le_eabi.a(libc2_asm.o)
 .ARM.attributes
                0x0000000000000267       0x2b C:/Program Files/SEGGER/SEGGER Embedded Studio for ARM 4.30c/lib/libvfprintf_v6m_t_le_eabi.o
 .ARM.attributes
                0x0000000000000292       0x2b C:/Program Files/SEGGER/SEGGER Embedded Studio for ARM 4.30c/lib/libm_v6m_t_le_eabi.a(libm2.o)
